------------------------------------------------------------
TimeQuest Timing Analyzer Summary
------------------------------------------------------------

Type  : Slow Model Setup 'cnt[0]'
Slack : -10.084
TNS   : -5008.597

Type  : Slow Model Setup 'CLOCK_24'
Slack : 2.596
TNS   : 0.000

Type  : Slow Model Hold 'CLOCK_24'
Slack : -2.344
TNS   : -2.344

Type  : Slow Model Hold 'cnt[0]'
Slack : 0.445
TNS   : 0.000

Type  : Slow Model Minimum Pulse Width 'cnt[0]'
Slack : -2.064
TNS   : -1682.756

Type  : Slow Model Minimum Pulse Width 'CLOCK_24'
Slack : -1.469
TNS   : -2.691

Type  : Fast Model Setup 'cnt[0]'
Slack : -3.397
TNS   : -1449.080

Type  : Fast Model Setup 'CLOCK_24'
Slack : 1.518
TNS   : 0.000

Type  : Fast Model Hold 'CLOCK_24'
Slack : -1.138
TNS   : -1.138

Type  : Fast Model Hold 'cnt[0]'
Slack : 0.215
TNS   : 0.000

Type  : Fast Model Minimum Pulse Width 'cnt[0]'
Slack : -1.627
TNS   : -1364.892

Type  : Fast Model Minimum Pulse Width 'CLOCK_24'
Slack : -1.222
TNS   : -2.222

------------------------------------------------------------
